// Jest Snapshot v1, https://goo.gl/fbAQLP

exports[`Pruebas en <GifItem /> Debe hacer match con el snapshot 1`] = `
<div>
  <div
    class="card"
  >
    <img
      alt="Dva"
      src="http://localhost:8080/images"
    />
    <p>
      Dva
    </p>
  </div>
</div>
`;
